---
source: src/worker/pipeline.rs
expression: output
---
▌ Blockquotes are very handy in email to emulate reply text.
▌ This line is part of the same quote.

Quote break.

▌ This is a very long line that will still be quoted properly when it wraps.

▌ Blockquotes can also be nested...
▌ 
▌ ▌ ...by using additional greater-than signs right next to each other...
▌ ▌ 
▌ ▌ ▌ ...or with spaces between arrows.
